
> pdf-jet@0.1.0 build
> next build

  Γû▓ Next.js 14.2.14
  - Environments: .env.local

   Creating an optimized production build ...
node.exe : Failed to 
compile.
At line:1 char:1
+ & "C:\Program Files
\nodejs/node.exe" 
"C:\Program 
Files\nodejs/node_mo 
...
+ ~~~~~~~~~~~~~~~~~~~
~~~~~~~~~~~~~~~~~~~~~
~~~~~~~~~~~~~~~~~~~~~
~~~~~~~~
    + CategoryInfo   
           : NotSpe  
  cified: (Failed    
 to compile.:Stri    
ng) [], RemoteEx    
ception
    + FullyQualified 
   ErrorId : Native  
  CommandError
 

./src/app/page.tsx
Error: 
  [33m![0m Plugin 
is not supported 
with current 
@swc/core. Plugin 
transform will be 
skipped.

  [31mx[0m the 
name `NavItem` is 
defined multiple 
times
     ,-[[36;1;4mC:\U
sers\Theri\OneDrive\D
esktop\HBBKHB\pdf-jet
\src\app\page.tsx[0m
:2:1]
 [2m  2[0m | 
import { useRouter } 
from 
"next/navigation";
 [2m  3[0m | 
import { useEffect, 
useState } from 
"react";
 [2m  4[0m | 
import { FileText, 
Terminal, Shield, 
Settings, Loader2 } 
from "lucide-react";
 [2m  5[0m | 
import NavItem from "
@/components/NavItem"
;
     : [31;1m       
^^^|^^^[0m
     :           
[31;1m`-- 
[31;1mprevious 
definition of 
`NavItem` 
here[0m[0m
 [2m  6[0m | 
import Laboratory 
from "@/components/La
boratory";
 [2m  7[0m | 
import Vault from 
"@/components/Vault";
 [2m  8[0m | 
import TelemetryDeck 
from "@/components/Te
lemetryDeck";
 [2m  9[0m | 
 [2m 10[0m | type 
View = "hangar" | 
"laboratory" | 
"valuables" | 
"settings";
 [2m 11[0m | 
 [2m 12[0m | 
export default 
function Home() {
 [2m 13[0m |   
const [activeView, 
setActiveView] = useS
tate<View>("hangar");
 [2m 14[0m |   
const [isDeploying, 
setIsDeploying] = 
useState(false);
 [2m 15[0m |   
const [user, 
setUser] = 
useState<any>(null);
 [2m 16[0m |   
const supabase = 
createClient();
 [2m 17[0m |   
const router = 
useRouter();
 [2m 18[0m | 
 [2m 19[0m |   
useEffect(() => {
 [2m 20[0m |     
const getUser = 
async () => {
 [2m 21[0m |       
const { data: { user 
} } = await supabase.
auth.getUser();
 [2m 22[0m |       
setUser(user);
 [2m 23[0m |     };
 [2m 24[0m |     
getUser();
 [2m 25[0m |   }, 
[supabase]);
 [2m 26[0m | 
 [2m 27[0m |   
const handleLogout = 
async () => {
 [2m 28[0m |     
await supabase.auth.s
ignOut();
 [2m 29[0m |     ro
uter.push("/login");
 [2m 30[0m |     
router.refresh();
 [2m 31[0m |   };
 [2m 32[0m | 
 [2m 33[0m |   
const handleDeploy = 
async () => {
 [2m 34[0m |     
setIsDeploying(true);
 [2m 35[0m |     
try {
 [2m 36[0m |       
const response = 
await 
fetch("/api/v1/pdf", 
{
 [2m 37[0m |       
  method: "POST",
 [2m 38[0m |       
  headers: {
 [2m 39[0m |       
    "Content-Type": 
"application/json",
 [2m 40[0m |       
    "Authorization": 
"Bearer 
re_live_demo_key_123"
 [2m 41[0m |       
  },
 [2m 42[0m |       
  body: 
JSON.stringify({
 [2m 43[0m |       
    html: `<!DOCTYPE 
html>
 [2m 44[0m | <html>
 [2m 45[0m | <head>
 [2m 46[0m |   
<style>
 [2m 47[0m |     
:root { --primary: 
#FF4F00; --text: 
#1a1a1a; --border: 
#e2e8f0; }
 [2m 48[0m |     
body { font-family: 
sans-serif; padding: 
60px; color: 
var(--text); 
line-height: 1.5; 
margin: 0; }
 [2m 49[0m |     
.header { display: 
flex; 
justify-content: 
space-between; 
align-items: 
flex-start; 
margin-bottom: 60px; 
}
 [2m 50[0m |     
.logo { background: 
var(--primary); 
color: white; 
padding: 10px 20px; 
font-weight: 900; 
letter-spacing: 
-0.05em; font-size: 
24px; }
 [2m 51[0m |     
.invoice-details { 
text-align: right; }
 [2m 52[0m |     
.label { 
text-transform: 
uppercase; 
font-size: 10px; 
font-weight: 800; 
color: #64748b; 
letter-spacing: 
0.1em; 
margin-bottom: 4px; }
 [2m 53[0m |     
.value { 
font-weight: 700; 
font-size: 14px; }
 [2m 54[0m |     
.bill-grid { 
display: grid; 
grid-template-cols: 
1fr 1fr; gap: 40px; 
margin-bottom: 60px; 
}
 [2m 55[0m |     
.bill-to h3 { 
margin: 0 0 10px 0; 
font-size: 16px; 
font-weight: 800; }
 [2m 56[0m |     
table { width: 100%; 
border-collapse: 
collapse; 
margin-bottom: 60px; 
}
 [2m 57[0m |     
th { text-align: 
left; padding: 12px 
0; border-bottom: 
2px solid 
var(--text); 
font-size: 10px; 
text-transform: 
uppercase; 
letter-spacing: 
0.1em; }
 [2m 58[0m |     
td { padding: 20px 
0; border-bottom: 
1px solid 
var(--border); 
font-size: 14px; }
 [2m 59[0m |     
.total-section { 
display: flex; 
justify-content: 
flex-end; }
 [2m 60[0m |     
.total-box { 
background: #f8fafc; 
padding: 30px; 
width: 250px; }
 [2m 61[0m |     
.total-row { 
display: flex; 
justify-content: 
space-between; 
margin-bottom: 10px; 
}
 [2m 62[0m |     
.grand-total { 
border-top: 2px 
solid var(--text); 
margin-top: 15px; 
padding-top: 15px; 
font-weight: 900; 
font-size: 20px; }
 [2m 63[0m |   
</style>
 [2m 64[0m | 
</head>
 [2m 65[0m | <body>
 [2m 66[0m |   
<div class="header">
 [2m 67[0m |     
<div class="logo">PDF
-JET</div>
 [2m 68[0m |     
<div class="invoice-d
etails">
 [2m 69[0m |       
<div class="label">In
voice No</div>
 [2m 70[0m |       
<div class="value">#J
ET-2024-001</div>
 [2m 71[0m |     
</div>
 [2m 72[0m |   
</div>
 [2m 73[0m |   
<div 
class="bill-grid">
 [2m 74[0m |     
<div class="bill-to">
 [2m 75[0m |       
<div 
class="label">Bill 
To</div>
 [2m 76[0m |       
<h3>ACME CORP</h3>
 [2m 77[0m |       
<p style="font-size: 
12px; color: 
#475569; margin: 
0;">123 Station 
St.</p>
 [2m 78[0m |     
</div>
 [2m 79[0m |   
</div>
 [2m 80[0m |   
<table>
 [2m 81[0m |     <t
head><tr><th>Item</th
><th 
style="text-align: ri
ght;">Total</th></tr>
</thead>
 [2m 82[0m |     
<tbody>
 [2m 83[0m |       
<tr><td><strong>Engin
e Optimization</stron
g></td><td 
style="text-align: ri
ght;">$1,499.00</td><
/tr>
 [2m 84[0m |     
</tbody>
 [2m 85[0m |   
</table>
 [2m 86[0m |   
<div class="total-sec
tion">
 [2m 87[0m |     
<div 
class="total-box">
 [2m 88[0m |       
<div 
class="total-row gran
d-total"><span>TOTAL<
/span><span>$1,499.00
</span></div>
 [2m 89[0m |     
</div>
 [2m 90[0m |   
</div>
 [2m 91[0m | 
</body>
 [2m 92[0m | 
</html>`,
 [2m 93[0m |       
    options: { 
format: "A4" }
 [2m 94[0m |       
  })
 [2m 95[0m |       
});
 [2m 96[0m | 
 [2m 97[0m |       
if (!response.ok) {
 [2m 98[0m |       
  const errorData = 
await 
response.json();
 [2m 99[0m |       
  console.error("Serv
er Error Details:", 
errorData);
 [2m100[0m |       
  throw new Error(err
orData.message || 
"Deployment Failed");
 [2m101[0m |       
}
 [2m102[0m | 
 [2m103[0m |       
const blob = await 
response.blob();
 [2m104[0m |       
const url = window.UR
L.createObjectURL(blo
b);
 [2m105[0m |       
const a = document.cr
eateElement("a");
 [2m106[0m |       
a.href = url;
 [2m107[0m |       
a.download = 
"test-document.pdf";
 [2m108[0m |       
document.body.appendC
hild(a);
 [2m109[0m |       
a.click();
 [2m110[0m |       
window.URL.revokeObje
ctURL(url);
 [2m111[0m | 
 [2m112[0m |     } 
catch (error) {
 [2m113[0m |       
console.error(error);
 [2m114[0m |       
alert(`Deployment 
Failed: ${error 
instanceof Error ? 
error.message : 
"Check Console"}`);
 [2m115[0m |     } 
finally {
 [2m116[0m |       
setIsDeploying(false)
;
 [2m117[0m |     }
 [2m118[0m |   };
 [2m119[0m | 
 [2m120[0m |   
return (
 [2m121[0m |     
<div className="flex 
h-screen w-full 
bg-background 
text-foreground 
font-mono 
overflow-hidden">
 [2m122[0m |       
{/* Sidebar */}
 [2m123[0m |       
<aside 
className="w-64 
border-r border-[var(
--border)] p-4 flex 
flex-col shrink-0">
 [2m124[0m |       
  <div 
className="mb-8 
pl-2">
 [2m125[0m |       
    <h1 
className="text-xl 
font-bold 
tracking-tight text-w
hite">PDF-JET</h1>
 [2m126[0m |       
    <p className="tex
t-[10px] text-muted-f
oreground mt-1 
uppercase tracking-wi
dest">v1.2.1 / 
PROD</p>
 [2m127[0m |       
  </div>
 [2m128[0m | 
 [2m129[0m |       
  <nav 
className="space-y-1 
flex-1">
 [2m130[0m |       
    <NavItem
 [2m131[0m |       
      
icon={<FileText 
size={16} />}
 [2m132[0m |       
      label="Hangar"
 [2m133[0m |       
      
active={activeView 
=== "hangar"}
 [2m134[0m |       
      onClick={() => 
setActiveView("hangar
")}
 [2m135[0m |       
    />
 [2m136[0m |       
    <NavItem
 [2m137[0m |       
      
icon={<Terminal 
size={16} />}
 [2m138[0m |       
      
label="Laboratory"
 [2m139[0m |       
      
active={activeView 
=== "laboratory"}
 [2m140[0m |       
      onClick={() => 
setActiveView("labora
tory")}
 [2m141[0m |       
    />
 [2m142[0m |       
    <NavItem
 [2m143[0m |       
      icon={<Shield 
size={16} />}
 [2m144[0m |       
      label="Vault"
 [2m145[0m |       
      
active={activeView 
=== "valuables"}
 [2m146[0m |       
      onClick={() => 
setActiveView("valuab
les")}
 [2m147[0m |       
    />
 [2m148[0m |       
    <NavItem
 [2m149[0m |       
      
icon={<Settings 
size={16} />}
 [2m150[0m |       
      
label="Settings"
 [2m151[0m |       
      
active={activeView 
=== "settings"}
 [2m152[0m |       
      onClick={() => 
setActiveView("settin
gs")}
 [2m153[0m |       
    />
 [2m154[0m |       
  </nav>
 [2m155[0m | 
 [2m156[0m |       
  <div 
className="p-4 
border border-[var(--
border)] mt-auto 
space-y-4">
 [2m157[0m |       
    <div>
 [2m158[0m |       
      <div className=
"text-[10px] text-mut
ed-foreground 
uppercase 
tracking-[0.2em] font
-bold">Operator</div>
 [2m159[0m |       
      <div className=
"text-[11px] 
font-bold truncate 
mt-1 text-primary">{u
ser?.email || "INITIA
LIZING..."}</div>
 [2m160[0m |       
    </div>
 [2m161[0m | 
 [2m162[0m |       
    <button
 [2m163[0m |       
      onClick={handle
Logout}
 [2m164[0m |       
      
className="w-full 
py-2 text-[10px] 
border border-[var(--
border)] hover:bg-des
tructive/10 hover:tex
t-destructive 
transition-colors 
uppercase 
tracking-[0.2em] 
font-bold"
 [2m165[0m |       
    >
 [2m166[0m |       
      Terminal_Exit
 [2m167[0m |       
    </button>
 [2m168[0m | 
 [2m169[0m |       
    <div 
className="pt-4 
border-t border-[var(
--border)]">
 [2m170[0m |       
      <div className=
"text-[10px] text-mut
ed-foreground 
uppercase 
tracking-[0.2em] font
-bold">Signal</div>
 [2m171[0m |       
      <div 
className="flex 
items-center gap-2 
mt-2">
 [2m172[0m |       
        <div 
className="w-2.5 
h-2.5 bg-success 
rounded-full 
animate-pulse" />
 [2m173[0m |       
        <span 
className="text-xs 
font-bold tracking-wi
dest">OPERATIONAL</sp
an>
 [2m174[0m |       
      </div>
 [2m175[0m |       
    </div>
 [2m176[0m |       
  </div>
 [2m177[0m |       
</aside>
 [2m178[0m | 
 [2m179[0m |       
{/* Main Content 
Area */}
 [2m180[0m |       
{activeView === 
"hangar" && (
 [2m181[0m |       
  <main 
className="flex-1 
p-8 overflow-auto">
 [2m182[0m |       
    <header 
className="flex 
justify-between 
items-center mb-8 
border-b border-[var(
--border)] pb-4">
 [2m183[0m |       
      <div 
className="flex 
items-center gap-4">
 [2m184[0m |       
        <h2 
className="text-2xl 
font-bold uppercase 
tracking-tight">The 
Hangar</h2>
 [2m185[0m |       
        <span classNa
me="text-[10px] 
border border-[var(--
border)] px-2 py-0.5 
text-muted-foreground
">ACTIVE_FLEET</span>
 [2m186[0m |       
      </div>
 [2m187[0m |       
      <button
 [2m188[0m |       
        onClick={hand
leDeploy}
 [2m189[0m |       
        disabled={isD
eploying}
 [2m190[0m |       
        className="bg
-primary text-primary
-foreground px-4 
py-2 text-sm 
font-bold 
hover:opacity-90 
transition-all 
disabled:opacity-50 
flex items-center 
gap-2"
 [2m191[0m |       
      >
 [2m192[0m |       
        {isDeploying 
? <Loader2 className=
"animate-spin" 
size={16} /> : null}
 [2m193[0m |       
        {isDeploying 
? "DEPLOYING..." : 
"DEPLOY DOCUMENT"}
 [2m194[0m |       
      </button>
 [2m195[0m |       
    </header>
 [2m196[0m | 
 [2m197[0m |       
    <TelemetryDeck />
 [2m198[0m | 
 [2m199[0m |       
    <div 
className="border bor
der-[var(--border)]">
 [2m200[0m |       
      <div 
className="grid 
grid-cols-4 p-3 
border-b border-[var(
--border)] 
bg-muted/30 
text-[10px] text-mute
d-foreground 
uppercase 
tracking-[0.2em] 
font-bold">
 [2m201[0m |       
        
<div>Status</div>
 [2m202[0m |       
        
<div>ID_CODE</div>
 [2m203[0m |       
        
<div>Template</div>
 [2m204[0m |       
        
<div>Timestamp</div>
 [2m205[0m |       
      </div>
 [2m206[0m |       
      {[1, 2, 
3].map((i) => (
 [2m207[0m |       
        <div key={i} 
className="grid 
grid-cols-4 p-4 
border-b border-[var(
--border)] 
hover:bg-muted/50 
transition-colors 
text-xs 
items-center">
 [2m208[0m |       
          <div 
className="flex 
items-center gap-2">
 [2m209[0m |       
            <div 
className="w-1.5 
h-1.5 bg-success 
rounded-full" />
 [2m210[0m |       
            <span cla
ssName="font-bold">20
0_OK</span>
 [2m211[0m |       
          </div>
 [2m212[0m |       
          <div 
className="font-mono 
text-muted-foreground
 opacity-70">jet_{Mat
h.random().toString(3
6).substring(7)}</div
>
 [2m213[0m |       
          <div><span 
className="px-2 py-1 
border border-[var(--
border)] text-[10px] 
font-bold">INVOICE_V1
</span></div>
 [2m214[0m |       
          <div classN
ame="text-muted-foreg
round tabular-nums">1
4:02:12</div>
 [2m215[0m |       
        </div>
 [2m216[0m |       
      ))}
 [2m217[0m |       
    </div>
 [2m218[0m |       
  </main>
 [2m219[0m |       
)}
 [2m220[0m | 
 [2m221[0m |       
{activeView === 
"laboratory" && 
<Laboratory />}
 [2m222[0m | 
 [2m223[0m |       
{activeView === 
"valuables" && 
<Vault user={user} 
/>}
 [2m224[0m | 
 [2m225[0m |       
{(activeView === 
"settings") && (
 [2m226[0m |       
  <main 
className="flex-1 
p-8 flex 
items-center 
justify-center 
bg-input/20">
 [2m227[0m |       
    <div className="t
ext-center">
 [2m228[0m |       
      <div 
className="w-12 h-12 
border border-[var(--
border)] flex 
items-center 
justify-center 
mx-auto mb-6">
 [2m229[0m |       
        <Settings cla
ssName="text-muted-fo
reground 
animate-spin-slow" 
size={20} />
 [2m230[0m |       
      </div>
 [2m231[0m |       
      <h2 
className="text-lg 
font-bold mb-2 
uppercase tracking-[0
.3em]">{activeView}</
h2>
 [2m232[0m |       
      <p className="t
ext-muted-foreground 
text-[10px] 
uppercase tracking-[0
.2em]">Restricted 
Access / Under 
Construction</p>
 [2m233[0m |       
    </div>
 [2m234[0m |       
  </main>
 [2m235[0m |       
)}
 [2m236[0m |     
</div>
 [2m237[0m |   );
 [2m238[0m | }
 [2m239[0m | 
 [2m240[0m | 
function NavItem({ 
icon, label, active 
= false, onClick }: 
{ icon: 
React.ReactNode, 
label: string, 
active?: boolean, 
onClick: () => void 
}) {
     : [33;1m       
  ^^^|^^^[0m
     :             
[33;1m`-- 
[33;1m`NavItem` 
redefined 
here[0m[0m
 [2m241[0m |   
return (
 [2m242[0m |     
<button
 [2m243[0m |       
onClick={onClick}
     `----

  [31mx[0m You're 
importing a 
component that needs 
useRouter. It only 
works in a Client 
Component but none 
of its parents are 
marked with "use 
client", so they're 
Server Components by 
default.
  [31m|[0m Learn 
more: https://nextjs.
org/docs/getting-star
ted/react-essentials
  [31m|[0m 
  [31m|[0m 
   ,-[[36;1;4mC:\Use
rs\Theri\OneDrive\Des
ktop\HBBKHB\pdf-jet\s
rc\app\page.tsx[0m:1
:1]
 [2m1[0m | import 
{ createClient } 
from "@/lib/supabase/
client";
 [2m2[0m | import 
{ useRouter } from 
"next/navigation";
   : [31;1m         
^^^^^^^^^[0m
 [2m3[0m | import 
{ useEffect, 
useState } from 
"react";
 [2m4[0m | import 
{ FileText, 
Terminal, Shield, 
Settings, Loader2 } 
from "lucide-react";
 [2m5[0m | import 
NavItem from "@/compo
nents/NavItem";
   `----

  [31mx[0m You're 
importing a 
component that needs 
useEffect. It only 
works in a Client 
Component but none 
of its parents are 
marked with "use 
client", so they're 
Server Components by 
default.
  [31m|[0m Learn 
more: https://nextjs.
org/docs/getting-star
ted/react-essentials
  [31m|[0m 
  [31m|[0m 
   ,-[[36;1;4mC:\Use
rs\Theri\OneDrive\Des
ktop\HBBKHB\pdf-jet\s
rc\app\page.tsx[0m:1
:1]
 [2m1[0m | import 
{ createClient } 
from "@/lib/supabase/
client";
 [2m2[0m | import 
{ useRouter } from 
"next/navigation";
 [2m3[0m | import 
{ useEffect, 
useState } from 
"react";
   : [31;1m         
^^^^^^^^^[0m
 [2m4[0m | import 
{ FileText, 
Terminal, Shield, 
Settings, Loader2 } 
from "lucide-react";
 [2m5[0m | import 
NavItem from "@/compo
nents/NavItem";
 [2m6[0m | import 
Laboratory from "@/co
mponents/Laboratory";
   `----

  [31mx[0m You're 
importing a 
component that needs 
useState. It only 
works in a Client 
Component but none 
of its parents are 
marked with "use 
client", so they're 
Server Components by 
default.
  [31m|[0m Learn 
more: https://nextjs.
org/docs/getting-star
ted/react-essentials
  [31m|[0m 
  [31m|[0m 
   ,-[[36;1;4mC:\Use
rs\Theri\OneDrive\Des
ktop\HBBKHB\pdf-jet\s
rc\app\page.tsx[0m:1
:1]
 [2m1[0m | import 
{ createClient } 
from "@/lib/supabase/
client";
 [2m2[0m | import 
{ useRouter } from 
"next/navigation";
 [2m3[0m | import 
{ useEffect, 
useState } from 
"react";
   : [31;1m         
           
^^^^^^^^[0m
 [2m4[0m | import 
{ FileText, 
Terminal, Shield, 
Settings, Loader2 } 
from "lucide-react";
 [2m5[0m | import 
NavItem from "@/compo
nents/NavItem";
 [2m6[0m | import 
Laboratory from "@/co
mponents/Laboratory";
   `----

Import trace for 
requested module:
./src/app/page.tsx


> Build failed 
because of webpack 
errors
